14:30 scan completed as a data-quality failure. No stocks were scored or ranked.

Key findings:

- SSE/SZSE trading-day verification passed for 2026-09-04.
- Required `manifest.json` was missing.
- Only 2 of 11 expected snapshots existed.
- Only one snapshot was successful and within the permitted window.
- That snapshot lacked a provider-native timestamp; retrieval time was not treated as freshness proof.
- The 14:41 snapshot was outside the window and failed.
- A point-in-time price path could not be derived.

Saved:

- [Machine-readable predictions](/Users/wenbiaoli/.agents/skills/a-share-limit-up-predictor/outputs/2026-09-04/14-30-predictions.json)
- [Validation record](/Users/wenbiaoli/.agents/skills/a-share-limit-up-predictor/outputs/2026-09-04/validation.json)
- [Human-readable failure report](/Users/wenbiaoli/.agents/skills/a-share-limit-up-predictor/outputs/2026-09-04/14-30-prediction.md)

Both JSON files passed syntax validation. No broker connection or trading action occurred.
14:20 扫描已归档为“非交易日 / 数据质量失败”，未生成伪概率：

- 2026-09-05 是星期六，沪深交易所均非交易日。
- 11 次行情快照全部失败；其中窗口内两次也均失败。
- 涨停池虽返回 39 条记录，但于 15:52 获取且无数据源原生时间戳，无法作为 14:20 数据使用。
- T+1 概率、可买入概率及预期收益均标记为不可用。
- 未输出 T+2，未调用评分器，未连接券商或执行交易。

文件：

- [14-20-predictions.json](/Users/wenbiaoli/.agents/skills/a-share-limit-up-predictor/outputs/2026-09-05/14-20-predictions.json)
- [14-20-prediction.md](/Users/wenbiaoli/.agents/skills/a-share-limit-up-predictor/outputs/2026-09-05/14-20-prediction.md)
- [validation.json](/Users/wenbiaoli/.agents/skills/a-share-limit-up-predictor/outputs/2026-09-05/validation.json)
14:20 扫描已归档，但因数据时效不合规，未生成排名或伪概率。

- SSE/SZSE：2026-09-08 已核验为交易日。[上交所休市安排](https://www.sse.com.cn/disclosure/dealinstruc/closed/)、[深交所公告](https://www.szse.cn/www/disclosure/notice/general/index_4.html)
- 快照：11 次尝试，3 次成功、8 次失败；最早成功时间为 14:24:32，已超过规定窗口。
- 涨停池：文件实际抓取于 15:04:42，且无数据商原生时间戳。最后封板时间、炸板次数和封单金额已检查，但不能作为 14:20 点时数据使用。
- T+1 涨停概率：不可用。
- 可买入概率：不可用。
- 预计次日收益：—，无独立校准收益模型。
- 未连接券商或执行交易。

文件：

- [14-20-predictions.json](/Users/wenbiaoli/.agents/skills/a-share-limit-up-predictor/outputs/2026-09-08/14-20-predictions.json)
- [14-20-prediction.md](/Users/wenbiaoli/.agents/skills/a-share-limit-up-predictor/outputs/2026-09-08/14-20-prediction.md)

JSON 格式校验及现有评分测试均已通过。
已完成 14:40 扫描并归档，但结果为“数据质量失败”，未生成伪概率或排名。

原因：两份数据缺少数据商原生时间戳，且候选缺少时点化主营业务、新兴产业资格和监管状态证据，不满足正式评分硬条件。

- 沪深交易日：已确认 2026-09-09 正常交易；目标日为 2026-09-10。[上交所](https://www.sse.com.cn/disclosure/dealinstruc/closed/) / [深交所](https://www.szse.cn/disclosure/notice/general/t20251222_618087.html)
- `last_seal_time`、`reopen_count`、`queue_value`：已读取，因质量门槛未送入评分
- T+1 概率：不可用
- 可买入概率：不可用
- 预计次日收益：`—`，无独立校准收益模型
- 未包含 T+2 字段
- 未连接券商或执行交易
- JSON 解析及约束断言：通过

交付文件：

- [14-40-predictions.json](/Users/wenbiaoli/.agents/skills/a-share-limit-up-predictor/outputs/2026-09-09/14-40-predictions.json)
- [14-40-prediction.md](/Users/wenbiaoli/.agents/skills/a-share-limit-up-predictor/outputs/2026-09-09/14-40-prediction.md)
已完成 2026-09-10 14:40 CST 扫描归档。

结果：`data_quality_failure`，未生成伪概率或排名。

- manifest 于 14:40:03 采集失败，没有 snapshot 可读取。
- 涨停池于 14:40:04 成功，共 34 条；已读取全部 `last_seal_time`、`reopen_count` 和 `queue_value`。
- 2026-09-10 已依据[上交所](https://www.sse.com.cn/disclosure/dealinstruc/closed/)和[深交所](https://www.szse.cn/disclosure/notice/t20251222_618087.html)休市安排核验为交易日。
- T+1 概率、可买入概率均为 `null`。
- 独立收益模型不存在，预期收益标记为不可用。
- 未包含 T+2，未连接券商或执行交易。
- JSON 约束检查及现有 3 项测试均通过；项目未安装 pytest，测试函数通过等价方式直接运行。

交付文件：

- [14-40-predictions.json](/Users/wenbiaoli/.agents/skills/a-share-limit-up-predictor/outputs/2026-09-10/14-40-predictions.json)
- [14-40-prediction.md](/Users/wenbiaoli/.agents/skills/a-share-limit-up-predictor/outputs/2026-09-10/14-40-prediction.md)
